2025-09-28 01:31:15,108 - src.monitor - WARNING - Notifier telegram not configured or failed to initialize
2025-09-28 01:31:15,191 - src.monitor - INFO - Loaded platform: bugcrowd
2025-09-28 01:31:15,192 - src.monitor - INFO - Loaded platform: hackerone
2025-09-28 01:31:15,192 - src.monitor - INFO - Loaded platform: yeswehack
2025-09-28 01:31:15,192 - __main__ - INFO - Running one-time monitoring...
2025-09-28 01:31:15,192 - src.monitor - INFO - Running one-time monitoring...
2025-09-28 01:31:15,193 - src.monitor - INFO - Starting program monitoring...
2025-09-28 01:31:15,388 - src.db - ERROR - Database connection failed: 1049 (42000): Unknown database 'scout'
2025-09-28 01:31:15,389 - src.monitor - ERROR - Failed to connect to database
2025-09-28 01:31:15,389 - src.monitor - INFO - Starting subdomain monitoring...
2025-09-28 01:31:15,524 - src.db - ERROR - Database connection failed: 1049 (42000): Unknown database 'scout'
2025-09-28 01:31:15,524 - src.monitor - ERROR - Failed to connect to database
2025-09-28 01:31:15,524 - src.monitor - INFO - One-time monitoring completed
2025-09-28 01:31:15,524 - __main__ - INFO - One-time monitoring completed
2025-09-28 01:34:21,104 - src.monitor - WARNING - Notifier telegram not configured or failed to initialize
2025-09-28 01:34:21,160 - src.monitor - INFO - Loaded platform: bugcrowd
2025-09-28 01:34:21,160 - src.monitor - INFO - Loaded platform: hackerone
2025-09-28 01:34:21,160 - src.monitor - INFO - Loaded platform: yeswehack
2025-09-28 01:34:21,161 - __main__ - INFO - Running one-time monitoring...
2025-09-28 01:34:21,161 - src.monitor - INFO - Running one-time monitoring...
2025-09-28 01:34:21,161 - src.monitor - INFO - Starting program monitoring...
2025-09-28 01:34:21,332 - src.db - INFO - Database connection established
2025-09-28 01:34:21,332 - src.monitor - INFO - Monitoring programs for bugcrowd
2025-09-28 01:34:22,800 - src.platforms.bugcrowd - INFO - Fetching scope from JSON API: https://bugcrowd.com/engagements/intercom/changelog/ad134f04-1eef-4b09-949d-19797486f538.json
2025-09-28 01:34:24,119 - src.platforms.bugcrowd - INFO - Found 10 scope items from JSON
2025-09-28 01:34:27,326 - src.platforms.bugcrowd - INFO - Fetching scope from JSON API: https://bugcrowd.com/engagements/internetbrands-public/changelog/6cf95169-c0b5-4b9b-aa3a-934be4bb3623.json
2025-09-28 01:34:28,734 - src.platforms.bugcrowd - INFO - Found 24 scope items from JSON
2025-09-28 01:34:31,795 - src.platforms.bugcrowd - INFO - Fetching scope from JSON API: https://bugcrowd.com/engagements/nasa-vdp/changelog/4f77f185-7dda-41ff-94d4-accae1a775ee.json
2025-09-28 01:34:33,284 - src.platforms.bugcrowd - INFO - Found 4 scope items from JSON
2025-09-28 01:34:35,635 - src.platforms.bugcrowd - INFO - Fetching scope from JSON API: https://bugcrowd.com/engagements/linktree-mbb-og/changelog/c2fdce1d-ed5f-4a57-b7f0-8f79417d5cd0.json
2025-09-28 01:34:37,276 - src.platforms.bugcrowd - INFO - Found 23 scope items from JSON
2025-09-28 01:34:38,288 - src.monitor - INFO - Found 10 domains to process
2025-09-28 01:34:38,288 - src.monitor - INFO - Found 2 wildcard domains to scan
2025-09-28 01:35:09,248 - src.utils - INFO - Found 0 subdomains for *.intercomassets.com / *.intercomcdn.com
2025-09-28 01:35:40,136 - src.utils - INFO - Found 173 subdomains for https://*.mobile-messenger.intercom.com
2025-09-28 01:35:40,137 - src.monitor - INFO - Found 173 subdomains for https://*.mobile-messenger.intercom.com
2025-09-28 01:35:40,137 - src.monitor - INFO - Found 8 regular domains
2025-09-28 01:35:40,137 - src.monitor - INFO - Saved 181 total subdomains for program Bug Bounty: Intercom - to scans/intercom.txt
2025-09-28 01:35:40,243 - src.monitor - INFO - New program added: intercom
2025-09-28 01:35:40,243 - src.monitor - INFO - Found 24 domains to process
2025-09-28 01:35:40,243 - src.monitor - INFO - Found 24 regular domains
2025-09-28 01:35:40,248 - src.monitor - INFO - Saved 24 total subdomains for program Bug Bounty: Internet Brands Public - to scans/internetbrands-public.txt
2025-09-28 01:35:40,347 - src.monitor - INFO - New program added: internetbrands-public
2025-09-28 01:35:40,347 - src.monitor - INFO - Found 4 domains to process
2025-09-28 01:35:40,347 - src.monitor - INFO - Found 4 regular domains
2025-09-28 01:35:40,347 - src.monitor - INFO - Saved 4 total subdomains for program Vulnerability Disclosure: National Aeronautics and Space Administration (NASA) - Vulnerability Disclosure Program - to scans/nasa-vdp.txt
2025-09-28 01:35:40,430 - src.monitor - INFO - New program added: nasa-vdp
2025-09-28 01:35:40,430 - src.monitor - INFO - Found 22 domains to process
2025-09-28 01:35:40,430 - src.monitor - INFO - Found 2 wildcard domains to scan
2025-09-28 01:36:11,308 - src.utils - INFO - Found 1 subdomains for *.linktree-extensions.com
2025-09-28 01:38:15,751 - src.db - INFO - Database connection closed
2025-09-28 01:38:15,754 - __main__ - INFO - S.C.O.U.T stopped by user
2025-09-28 01:38:56,587 - src.monitor - WARNING - Notifier telegram not configured or failed to initialize
2025-09-28 01:38:56,643 - src.monitor - INFO - Loaded platform: bugcrowd
2025-09-28 01:38:56,643 - src.monitor - INFO - Loaded platform: hackerone
2025-09-28 01:38:56,644 - src.monitor - INFO - Loaded platform: yeswehack
2025-09-28 01:38:56,644 - __main__ - INFO - Running one-time monitoring...
2025-09-28 01:38:56,644 - src.monitor - INFO - Running one-time monitoring...
2025-09-28 01:38:56,644 - src.monitor - INFO - Starting program monitoring...
2025-09-28 01:38:56,795 - src.db - INFO - Database connection established
2025-09-28 01:38:56,795 - src.monitor - INFO - Monitoring programs for bugcrowd
2025-09-28 01:38:58,163 - src.platforms.bugcrowd - INFO - Fetching scope from JSON API: https://bugcrowd.com/engagements/intercom/changelog/ad134f04-1eef-4b09-949d-19797486f538.json
2025-09-28 01:38:59,515 - src.platforms.bugcrowd - INFO - Found 10 scope items from JSON
2025-09-28 01:39:02,012 - src.platforms.bugcrowd - INFO - Fetching scope from JSON API: https://bugcrowd.com/engagements/internetbrands-public/changelog/6cf95169-c0b5-4b9b-aa3a-934be4bb3623.json
2025-09-28 01:39:04,349 - src.platforms.bugcrowd - INFO - Found 24 scope items from JSON
2025-09-28 01:39:06,655 - src.platforms.bugcrowd - INFO - Fetching scope from JSON API: https://bugcrowd.com/engagements/nasa-vdp/changelog/4f77f185-7dda-41ff-94d4-accae1a775ee.json
2025-09-28 01:39:08,689 - src.platforms.bugcrowd - INFO - Found 4 scope items from JSON
2025-09-28 01:39:11,716 - src.platforms.bugcrowd - INFO - Fetching scope from JSON API: https://bugcrowd.com/engagements/linktree-mbb-og/changelog/c2fdce1d-ed5f-4a57-b7f0-8f79417d5cd0.json
2025-09-28 01:39:13,334 - src.platforms.bugcrowd - INFO - Found 23 scope items from JSON
2025-09-28 01:39:14,353 - src.monitor - INFO - Found 10 domains to process
2025-09-28 01:39:14,353 - src.monitor - INFO - Found 2 wildcard domains to scan
2025-09-28 01:39:45,263 - src.utils - INFO - Found 0 subdomains for *.intercomassets.com / *.intercomcdn.com
2025-09-28 01:42:11,112 - src.utils - INFO - Found 218 subdomains for https://*.mobile-messenger.intercom.com
2025-09-28 01:42:11,112 - src.monitor - INFO - Found 218 subdomains for https://*.mobile-messenger.intercom.com
2025-09-28 01:42:11,112 - src.monitor - INFO - Found 8 regular domains
2025-09-28 01:42:11,113 - src.monitor - INFO - Saved 226 total subdomains for program Bug Bounty: Intercom - to scans/intercom.txt
2025-09-28 01:42:11,253 - src.monitor - INFO - New program added: intercom
2025-09-28 01:42:11,254 - src.monitor - INFO - Found 24 domains to process
2025-09-28 01:42:11,254 - src.monitor - INFO - Found 24 regular domains
2025-09-28 01:42:11,254 - src.monitor - INFO - Saved 24 total subdomains for program Bug Bounty: Internet Brands Public - to scans/internetbrands-public.txt
2025-09-28 01:42:11,334 - src.monitor - INFO - New program added: internetbrands-public
2025-09-28 01:42:11,334 - src.monitor - INFO - Found 4 domains to process
2025-09-28 01:42:11,334 - src.monitor - INFO - Found 4 regular domains
2025-09-28 01:42:11,334 - src.monitor - INFO - Saved 4 total subdomains for program Vulnerability Disclosure: National Aeronautics and Space Administration (NASA) - Vulnerability Disclosure Program - to scans/nasa-vdp.txt
2025-09-28 01:42:11,428 - src.monitor - INFO - New program added: nasa-vdp
2025-09-28 01:42:11,429 - src.monitor - INFO - Found 22 domains to process
2025-09-28 01:42:11,429 - src.monitor - INFO - Found 2 wildcard domains to scan
2025-09-28 01:42:42,312 - src.utils - INFO - Found 1 subdomains for *.linktree-extensions.com
2025-09-28 01:47:42,444 - src.utils - ERROR - Subfinder timeout for https://*.plannthat.com
2025-09-28 01:47:42,445 - src.monitor - INFO - Found 1 subdomains for *.linktree-extensions.com
2025-09-28 01:47:42,445 - src.monitor - INFO - Found 20 regular domains
2025-09-28 01:47:42,445 - src.monitor - INFO - Saved 21 total subdomains for program Bug Bounty: Linktree - to scans/linktree-mbb-og.txt
2025-09-28 01:47:42,554 - src.monitor - INFO - New program added: linktree-mbb-og
2025-09-28 01:47:43,556 - src.monitor - INFO - Monitoring programs for hackerone
2025-09-28 01:47:44,595 - src.platforms.hackerone - INFO - Found 0 scope items from HackerOne
2025-09-28 01:47:44,988 - src.platforms.hackerone - INFO - Found 25 scope items from HackerOne
2025-09-28 01:47:46,379 - src.platforms.hackerone - INFO - Found 26 scope items from HackerOne
2025-09-28 01:47:47,381 - src.monitor - INFO - Found 25 domains to process
2025-09-28 01:47:47,382 - src.monitor - INFO - Found 2 wildcard domains to scan
2025-09-28 01:49:53,083 - src.utils - INFO - Found 112 subdomains for *.tiktok.com
2025-09-28 01:52:03,663 - src.utils - INFO - Found 395 subdomains for *.tiktokv.com
2025-09-28 01:52:03,663 - src.monitor - INFO - Found 112 subdomains for *.tiktok.com
2025-09-28 01:52:03,663 - src.monitor - INFO - Found 395 subdomains for *.tiktokv.com
2025-09-28 01:52:03,663 - src.monitor - INFO - Found 23 regular domains
2025-09-28 01:52:03,664 - src.monitor - INFO - Saved 525 total subdomains for program Tiktok to scans/tiktok.txt
2025-09-28 01:52:03,768 - src.monitor - INFO - New program added: tiktok
2025-09-28 01:52:03,768 - src.monitor - INFO - Found 26 domains to process
2025-09-28 01:52:03,768 - src.monitor - INFO - Found 9 wildcard domains to scan
2025-09-28 01:52:38,408 - src.utils - INFO - Found 14 subdomains for *.myteksi.com
2025-09-28 01:53:12,331 - src.utils - INFO - Found 4 subdomains for *.grab-sure.com
